我就是测试下这个个哦鞥啊 
